Name        Lygon~
Lvl         2
END
Name        Cegri~
Lvl         1
Clan        &rG&Rl&wa&zd&wi&Ra&rt&Ro&wr&zz&X~
END
Name        Chrimon~
Lvl         16
END
Name        Tanat~
Lvl         44
END
Name        Eleven~
Lvl         20
END
Name        Vlos~
Lvl         1
END
Name        Dikam~
Lvl         1
END
Name        Flink~
Lvl         1
END
Name        Mosenrath~
Lvl         1
END
Name        Berit~
Lvl         97
END
Name        Zaphear~
Lvl         20
END
Name        Sandro~
Lvl         50
END
Name        Gruul~
Lvl         1
END
Name        Laerisa~
Lvl         1
END
Name        Lanik~
Lvl         17
END
Name        Guru~
Lvl         81
END
Name        Solaron~
Lvl         1
END
Name        Rza~
Lvl         2
END
Name        Endbringer~
Lvl         3
END
Name        Gerad~
Lvl         1
END
Name        Dortena~
Lvl         59
Clan        &rG&Rl&wa&zd&wi&Ra&rt&Ro&wr&zz&X~
CRank       4
END
Name        Nul~
Lvl         1
END
Name        Jackle~
Lvl         1
END
Name        Nox~
Lvl         17
END
Name        Yorick~
Lvl         18
END
Name        Torann~
Lvl         113
Clan        &zRegime &Rof &wChaos&X~
CRank       5
END
Name        Talabriina~
Lvl         52
Clan        &zRegime &Rof &wChaos&X~
CRank       1
END
Name        Wylin~
Lvl         95
Clan        &.Ar&.ca&.ne &.Ar&.ts~
END
Name        Shamest~
Lvl         1
END
Name        Malin~
Lvl         100
END
Name        Wik~
Lvl         1
END
Name        Myrddhin~
Lvl         64
Clan        &zRegime &Rof &wChaos&X~
END
Name        Delhi~
Lvl         1
END
Name        Ielenia~
Lvl         41
END
Name        Quaijin~
Lvl         100
Clan        &.Ar&.ca&.ne &.Ar&.ts~
END
Name        Tim~
Lvl         16
END
Name        Algonas~
Lvl         64
END
Name        Kolombia~
Lvl         1
END
Name        Ranin~
Lvl         71
END
Name        Lore~
Lvl         13
Clan        &.Ar&.ca&.ne &.Ar&.ts~
END
Name        Bolbim~
Lvl         18
END
Name        TestShock~
Lvl         1
END
Name        Brad~
Lvl         1
END
Name        Nurret~
Lvl         1
END
Name        Ink~
Lvl         63
Clan        &.Ar&.ca&.ne &.Ar&.ts~
CRank       3
END
Name        Naruto~
Lvl         14
END
Name        Sylarn~
Lvl         100
Clan        &.Ar&.ca&.ne &.Ar&.ts&X~
CRank       4
END
Name        Shock~
Lvl         113
Clan        &rG&Rl&wa&zd&wi&Ra&rt&Ro&wr&zz&X~
CRank       5
END
Name        Kliq~
Lvl         30
END
Name        Nastasha~
Lvl         1
END
Name        Kjodo~
Lvl         113
CRank       3
END
Name        Yameritzu~
Lvl         20
END
Name        Halia~
Lvl         1
END
Name        Feyd~
Lvl         20
Clan        &zRegime &Rof &wChaos&X~
CRank       3
END
Name        Sasuke~
Lvl         80
Clan        &zRegime &Rof &wChaos&X~
END
Name        Cassius~
Lvl         1
END
Name        Analt~
Lvl         1
END
Name        Locke~
Lvl         17
Clan        &.Ar&.ca&.ne &.Ar&.ts&X~
END
Name        Bloomer~
Lvl         1
END
Name        Frimp~
Lvl         1
END
Name        Orlando~
Lvl         2
END
Name        Mort~
Lvl         1
END
Name        Kain~
Lvl         52
END
Name        Zaphire~
Lvl         1
END
Name        Floop~
Lvl         3
END
Name        Faust~
Lvl         25
Clan        &.Ar&.ca&.ne &.Ar&.ts~
END
Name        Cerro~
Lvl         48
Clan        &zRegime &Rof &wChaos&X~
END
Name        Calvin~
Lvl         1
Clan        &zRegime &Rof &wChaos&X~
END
Name        Joker~
Lvl         27
END
Name        Skurai~
Lvl         3
END
Name        Reptile~
Lvl         41
END
Name        Taipan~
Lvl         1
END
Name        Balthasar~
Lvl         1
END
Name        Revenant~
Lvl         25
END
Name        Mennon~
Lvl         1
END
Name        Quix~
Lvl         1
END
Name        Amun~
Lvl         20
END
Name        Rico~
Lvl         6
END
Name        Joda~
Lvl         1
END
Name        Nevele~
Lvl         1
END
Name        Nuance~
Lvl         1
END
Name        Natte~
Lvl         6
END
Name        Kallin~
Lvl         2
END
Name        Kring~
Lvl         1
END
Name        Tyr~
Lvl         100
END
Name        Ricochet~
Lvl         3
END
Name        Dias~
Lvl         32
END
Name        Shane~
Lvl         4
END
Name        Pander~
Lvl         54
END
Name        Varonn~
Lvl         24
END
Name        Kilgren~
Lvl         52
END
Name        Osciroft~
Lvl         25
END
Name        Grag~
Lvl         3
END
Name        Adwyvia~
Lvl         7
END
Name        Keray~
Lvl         1
END
Name        Balgamont~
Lvl         1
END
Name        Fuck~
Lvl         2
END
Name        Rictor~
Lvl         2
END
Name        Tharsis~
Lvl         11
END
Name        Vance~
Lvl         1
END
Name        Juste~
Lvl         11
END
Name        Bloustone~
Lvl         1
END
Name        Rexs~
Lvl         4
END
Name        Varon~
Lvl         1
END
#END
