Name        Malikye~
Lvl         181
END
Name        Drew~
Lvl         10
END
Name        Duke~
Lvl         31
END
Name        Kethran~
Lvl         3
END
Name        Siraq~
Lvl         3
END
Name        Abaras~
Lvl         13
END
Name        Joker~
Lvl         9
END
Name        Focht~
Lvl         13
END
Name        Gord~
Lvl         11
END
Name        KaVir~
Lvl         2
END
Name        Mance~
Lvl         3
END
Name        Radian~
Lvl         42
END
Name        Wylor~
Lvl         3
END
Name        Hammer~
Lvl         5
END
Name        Bolek~
Lvl         10
END
Name        Vengeance~
Lvl         10
END
Name        Phaethor~
Lvl         10
END
Name        Bret~
Lvl         5
END
Name        Yuihnunh~
Lvl         10
END
Name        Yavu~
Lvl         2
END
Name        Anvil~
Lvl         12
END
Name        Belial~
Lvl         11
END
Name        Angelo~
Lvl         26
END
Name        Timoon~
Lvl         5
END
Name        Hurta~
Lvl         2
END
Name        Rucus~
Lvl         51
END
Name        Akhran~
Lvl         12
END
Name        Quarus~
Lvl         57
END
Name        Wraten~
Lvl         3
END
Name        Lothar~
Lvl         17
END
Name        Lapoisson~
Lvl         23
END
Name        Ketasi~
Lvl         41
END
Name        Ilyatha~
Lvl         6
END
Name        Wolfgang~
Lvl         9
END
Name        Sirac~
Lvl         56
END
Name        Nalfein~
Lvl         37
END
Name        Selinar~
Lvl         2
END
Name        Rumor~
Lvl         9
END
Name        Chandler~
Lvl         2
END
Name        Shyone~
Lvl         4
END
Name        Tatsel~
Lvl         2
END
Name        Blackavar~
Lvl         56
END
Name        Fahlen~
Lvl         3
END
Name        Taitsu~
Lvl         30
END
Name        Gunnhild~
Lvl         27
END
Name        Hasai~
Lvl         100
END
Name        Sivard~
Lvl         10
END
Name        Garrent~
Lvl         2
END
Name        Bastion~
Lvl         10
END
Name        Tamie~
Lvl         10
END
Name        Inferno~
Lvl         7
END
Name        Balcombe~
Lvl         13
END
Name        Calin~
Lvl         2
END
Name        Gannon~
Lvl         44
END
Name        Gatoris~
Lvl         13
END
Name        Vendes~
Lvl         11
END
Name        Instinct~
Lvl         2
END
Name        Ryoko~
Lvl         48
END
Name        Lachdannon~
Lvl         100
END
Name        Merlin~
Lvl         29
END
Name        Rix~
Lvl         7
END
Name        Furey~
Lvl         19
END
Name        Angorn~
Lvl         16
END
Name        Satyricon~
Lvl         2
END
Name        Tamas~
Lvl         7
END
Name        Jarek~
Lvl         2
END
Name        Syrus~
Lvl         6
END
Name        Tourniquet~
Lvl         4
END
Name        Boda~
Lvl         3
END
Name        Bondo~
Lvl         91
END
Name        Phase~
Lvl         3
END
Name        Leoric~
Lvl         6
END
Name        Vindicator~
Lvl         9
END
Name        Rage~
Lvl         6
END
Name        Blackfang~
Lvl         6
END
Name        Aegir~
Lvl         40
END
Name        Skoriaan~
Lvl         7
END
Name        Reklar~
Lvl         111
END
Name        Grifter~
Lvl         48
END
Name        Evan~
Lvl         57
END
Name        Mordeth~
Lvl         6
END
Name        Zalasta~
Lvl         2
END
Name        Kathryn~
Lvl         5
END
Name        Azaz~
Lvl         6
END
Name        Shadar~
Lvl         4
END
Name        Gulgangain~
Lvl         10
END
Name        Darksword~
Lvl         10
END
Name        Mern~
Lvl         10
END
Name        Fang~
Lvl         11
END
Name        Rubinia~
Lvl         6
END
Name        Khrathan~
Lvl         43
END
Name        Daccoh~
Lvl         39
END
Name        Dergoor~
Lvl         2
END
Name        Kervalin~
Lvl         3
END
Name        Rydic~
Lvl         7
END
Name        Karelon~
Lvl         6
END
Name        Ripper~
Lvl         21
END
Name        Knightmare~
Lvl         10
END
Name        Rog~
Lvl         10
END
Name        Kragmoore~
Lvl         79
END
Name        Kit~
Lvl         25
END
Name        Kronos~
Lvl         16
END
Name        Memnoch~
Lvl         11
END
Name        Karanax~
Lvl         6
END
Name        Penance~
Lvl         106
END
Name        Aleena~
Lvl         4
END
Name        Taig~
Lvl         42
END
Name        Vierna~
Lvl         19
END
Name        Pace~
Lvl         10
END
Name        Nemesis~
Lvl         3
END
Name        Tarlis~
Lvl         106
END
Name        Kisha~
Lvl         4
END
Name        Grunt~
Lvl         106
END
Name        Flint~
Lvl         106
END
Name        Thalador~
Lvl         113
END
Name        Angi~
Lvl         112
END
Name        Decklarean~
Lvl         100
END
Name        Sherf~
Lvl         112
END
Name        Quester~
Lvl         10
END
Name        Dagger~
Lvl         34
END
Name        Cluff~
Lvl         106
END
Name        Mortanius~
Lvl         10
END
Name        Sauron~
Lvl         113
Clan        &RStorm Riders~
CRank       2
END
Name        Altrag~
Lvl         112
END
Name        Tae~
Lvl         5
END
Name        Numemelig~
Lvl         3
END
Name        Lestat~
Lvl         10
END
Name        Grail~
Lvl         9
END
Name        Atrax~
Lvl         2
END
Name        Diego~
Lvl         2
END
Name        Barick~
Lvl         46
END
Name        Gemloch~
Lvl         4
END
Name        Illdenmaar~
Lvl         25
END
Name        Arok~
Lvl         52
END
Name        Slith~
Lvl         7
END
Name        Tishinarch~
Lvl         20
END
Name        Lodoss~
Lvl         11
END
Name        Frodo~
Lvl         6
END
Name        Kevelin~
Lvl         6
END
Name        Goarangh~
Lvl         11
END
Name        Samson~
Lvl         14
END
Name        Pender~
Lvl         3
END
Name        Kail~
Lvl         6
END
Name        Daero~
Lvl         40
END
Name        Falcyn~
Lvl         3
END
Name        Anivar~
Lvl         38
END
Name        Kassandra~
Lvl         6
END
Name        Garmax~
Lvl         35
END
Name        Aegis~
Lvl         100
END
Name        Ender~
Lvl         6
END
Name        Poison~
Lvl         4
END
Name        Bane~
Lvl         4
END
Name        Dolguard~
Lvl         8
END
Name        Ryguard~
Lvl         111
END
Name        Elvidenvelp~
Lvl         4
END
Name        Xena~
Lvl         34
END
Name        Tagoshi~
Lvl         6
END
Name        Yves~
Lvl         11
END
Name        Evansan~
Lvl         5
END
Name        Gon~
Lvl         3
END
Name        Vermilion~
Lvl         43
END
Name        Jalav~
Lvl         3
END
Name        Krysta~
Lvl         6
END
Name        Shedya~
Lvl         12
END
Name        Malcom~
Lvl         3
END
Name        Gort~
Lvl         66
END
Name        Akar~
Lvl         4
END
Name        Anarchy~
Lvl         4
END
Name        Darksaint~
Lvl         6
END
Name        Magnus~
Lvl         2
END
Name        Lightblade~
Lvl         11
END
Name        Phalse~
Lvl         21
END
Name        Iceblood~
Lvl         4
END
Name        Tvarc~
Lvl         2
END
Name        Brasn~
Lvl         10
END
Name        Phig~
Lvl         33
END
Name        Coren~
Lvl         4
END
Name        Driaza~
Lvl         11
END
Name        Urgo~
Lvl         7
END
Name        Elyas~
Lvl         2
END
Name        Azash~
Lvl         8
END
Name        Blackwolf~
Lvl         5
END
Name        Victoria~
Lvl         12
END
Name        Marthuin~
Lvl         4
END
Name        Kristie~
Lvl         18
END
Name        Macros~
Lvl         2
END
Name        Syrin~
Lvl         10
END
Name        Mercin~
Lvl         6
END
Name        Ghengis~
Lvl         4
END
Name        Frozen~
Lvl         8
END
Name        Grim~
Lvl         3
END
Name        Grounfag~
Lvl         11
END
Name        Kell~
Lvl         14
END
Name        Drann~
Lvl         51
END
Name        Tarii~
Lvl         6
END
Name        Vampyr~
Lvl         11
END
Name        Khelben~
Lvl         41
END
Name        Kharos~
Lvl         6
END
Name        Grandkar~
Lvl         6
END
Name        Youngstar~
Lvl         2
END
Name        Guntar~
Lvl         4
END
Name        Meku~
Lvl         3
END
Name        Tyndal~
Lvl         6
END
Name        Kerensky~
Lvl         6
END
Name        Aria~
Lvl         4
END
Name        Uffran~
Lvl         10
END
Name        Sid~
Lvl         10
END
Name        Shandarra~
Lvl         50
END
Name        Caldor~
Lvl         4
END
Name        Klendor~
Lvl         2
END
Name        Ernox~
Lvl         17
END
Name        Toran~
Lvl         6
END
Name        Darkfang~
Lvl         2
END
Name        Edge~
Lvl         62
Clan        &RStorm Riders~
CRank       4
END
Name        Laotse~
Lvl         9
END
Name        Hacron~
Lvl         34
END
Name        Geoff~
Lvl         16
END
Name        Thaal~
Lvl         6
END
Name        Myst~
Lvl         70
END
Name        DeBernezan~
Lvl         2
END
Name        Ragnar~
Lvl         6
END
Name        Shadox~
Lvl         2
END
Name        Kore~
Lvl         10
END
Name        Vance~
Lvl         6
END
Name        Malice~
Lvl         3
END
Name        Gadyl~
Lvl         34
END
Name        Thumper~
Lvl         11
END
Name        Morbius~
Lvl         6
END
Name        Argonath~
Lvl         2
END
Name        Kath~
Lvl         7
END
Name        Alevin~
Lvl         2
END
Name        Alf~
Lvl         6
END
Name        Smatt~
Lvl         6
END
Name        Sirak~
Lvl         3
END
Name        Shaggy~
Lvl         3
END
Name        Talus~
Lvl         3
END
Name        Blaze~
Lvl         6
END
Name        DumDum~
Lvl         3
END
Name        Warbane~
Lvl         6
END
Name        Deicide~
Lvl         11
END
Name        Yertle~
Lvl         14
END
Name        Caine~
Lvl         42
END
Name        Munky~
Lvl         3
END
Name        Taylor~
Lvl         2
END
Name        Lance~
Lvl         3
END
Name        Keebler~
Lvl         5
END
Name        Dell~
Lvl         3
END
Name        Gambit~
Lvl         5
END
Name        Raistlin~
Lvl         4
END
Name        Eyly~
Lvl         2
END
Name        Supreme~
Lvl         5
END
Name        Midnight~
Lvl         2
END
Name        Epson~
Lvl         4
END
Name        Fonzy~
Lvl         3
END
Name        Mork~
Lvl         2
END
Name        Talen~
Lvl         5
END
Name        Feihong~
Lvl         15
END
Name        Devon~
Lvl         3
END
Name        ArcAngel~
Lvl         13
END
#END
